00:00 +0: loading /home/anley/ANLEYLAB Bible/test/widget_test.dart
00:00 +0: Bible app smoke test
Pending timers:
Timer (duration: 0:00:02.000000, periodic: false), created:
#0      new FakeTimer._ (package:fake_async/fake_async.dart:342:62)
#1      FakeAsync._createTimer (package:fake_async/fake_async.dart:260:29)
#2      FakeAsync.run.<anonymous closure> (package:fake_async/fake_async.dart:185:15)
#6      _SplashScreenState.initState (package:amharic_catholic_bible/features/splash/splash_screen.dart:16:12)
#7      StatefulElement._firstBuild (package:flutter/src/widgets/framework.dart:5950:55)
#8      ComponentElement.mount (package:flutter/src/widgets/framework.dart:5793:5)
...     Normal element mounting (260 frames)
#268    Element.inflateWidget (package:flutter/src/widgets/framework.dart:4587:20)
#269    MultiChildRenderObjectElement.inflateWidget (package:flutter/src/widgets/framework.dart:7264:36)
#270    MultiChildRenderObjectElement.mount (package:flutter/src/widgets/framework.dart:7279:32)
...     Normal element mounting (458 frames)
#728    Element.inflateWidget (package:flutter/src/widgets/framework.dart:4587:20)
#729    Element.updateChild (package:flutter/src/widgets/framework.dart:4053:20)
#730    ComponentElement.performRebuild (package:flutter/src/widgets/framework.dart:5841:16)
#731    Element.rebuild (package:flutter/src/widgets/framework.dart:5529:7)
#732    ProxyElement.update (package:flutter/src/widgets/framework.dart:6149:5)
#733    _InheritedNotifierElement.update (package:flutter/src/widgets/inherited_notifier.dart:108:11)
#734    Element.updateChild (package:flutter/src/widgets/framework.dart:4037:15)
#735    ComponentElement.performRebuild (package:flutter/src/widgets/framework.dart:5841:16)
#736    StatefulElement.performRebuild (package:flutter/src/widgets/framework.dart:5982:11)
#737    Element.rebuild (package:flutter/src/widgets/framework.dart:5529:7)
#738    StatefulElement.update (package:flutter/src/widgets/framework.dart:6007:5)
#739    Element.updateChild (package:flutter/src/widgets/framework.dart:4037:15)
#740    ComponentElement.performRebuild (package:flutter/src/widgets/framework.dart:5841:16)
#741    Element.rebuild (package:flutter/src/widgets/framework.dart:5529:7)
#742    ProxyElement.update (package:flutter/src/widgets/framework.dart:6149:5)
#743    _InheritedNotifierElement.update (package:flutter/src/widgets/inherited_notifier.dart:108:11)
#744    Element.updateChild (package:flutter/src/widgets/framework.dart:4037:15)
#745    ComponentElement.performRebuild (package:flutter/src/widgets/framework.dart:5841:16)
#746    StatefulElement.performRebuild (package:flutter/src/widgets/framework.dart:5982:11)
#747    Element.rebuild (package:flutter/src/widgets/framework.dart:5529:7)
#748    StatefulElement.update (package:flutter/src/widgets/framework.dart:6007:5)
#749    Element.updateChild (package:flutter/src/widgets/framework.dart:4037:15)
#750    ComponentElement.performRebuild (package:flutter/src/widgets/framework.dart:5841:16)
#751    StatefulElement.performRebuild (package:flutter/src/widgets/framework.dart:5982:11)
#752    Element.rebuild (package:flutter/src/widgets/framework.dart:5529:7)
#753    StatefulElement.update (package:flutter/src/widgets/framework.dart:6007:5)
#754    Element.updateChild (package:flutter/src/widgets/framework.dart:4037:15)
#755    ComponentElement.performRebuild (package:flutter/src/widgets/framework.dart:5841:16)
#756    Element.rebuild (package:flutter/src/widgets/framework.dart:5529:7)
#757    ProxyElement.update (package:flutter/src/widgets/framework.dart:6149:5)
#758    Element.updateChild (package:flutter/src/widgets/framework.dart:4037:15)
#759    ComponentElement.performRebuild (package:flutter/src/widgets/framework.dart:5841:16)
#760    StatefulElement.performRebuild (package:flutter/src/widgets/framework.dart:5982:11)
#761    Element.rebuild (package:flutter/src/widgets/framework.dart:5529:7)
#762    StatefulElement.update (package:flutter/src/widgets/framework.dart:6007:5)
#763    Element.updateChild (package:flutter/src/widgets/framework.dart:4037:15)
#764    ComponentElement.performRebuild (package:flutter/src/widgets/framework.dart:5841:16)
#765    Element.rebuild (package:flutter/src/widgets/framework.dart:5529:7)
#766    ProxyElement.update (package:flutter/src/widgets/framework.dart:6149:5)
#767    Element.updateChild (package:flutter/src/widgets/framework.dart:4037:15)
#768    ComponentElement.performRebuild (package:flutter/src/widgets/framework.dart:5841:16)
#769    Element.rebuild (package:flutter/src/widgets/framework.dart:5529:7)
#770    ProxyElement.update (package:flutter/src/widgets/framework.dart:6149:5)
#771    Element.updateChild (package:flutter/src/widgets/framework.dart:4037:15)
#772    _RawViewElement._updateChild (package:flutter/src/widgets/view.dart:481:16)
#773    _RawViewElement.update (package:flutter/src/widgets/view.dart:568:5)
#774    Element.updateChild (package:flutter/src/widgets/framework.dart:4037:15)
#775    ComponentElement.performRebuild (package:flutter/src/widgets/framework.dart:5841:16)
#776    Element.rebuild (package:flutter/src/widgets/framework.dart:5529:7)
#777    StatelessElement.update (package:flutter/src/widgets/framework.dart:5895:5)
#778    Element.updateChild (package:flutter/src/widgets/framework.dart:4037:15)
#779    ComponentElement.performRebuild (package:flutter/src/widgets/framework.dart:5841:16)
#780    StatefulElement.performRebuild (package:flutter/src/widgets/framework.dart:5982:11)
#781    Element.rebuild (package:flutter/src/widgets/framework.dart:5529:7)
#782    StatefulElement.update (package:flutter/src/widgets/framework.dart:6007:5)
#783    Element.updateChild (package:flutter/src/widgets/framework.dart:4037:15)
#784    RootElement._rebuild (package:flutter/src/widgets/binding.dart:2091:16)
#785    RootElement.update (package:flutter/src/widgets/binding.dart:2069:5)
#786    RootElement.performRebuild (package:flutter/src/widgets/binding.dart:2083:7)
#787    Element.rebuild (package:flutter/src/widgets/framework.dart:5529:7)
#788    BuildScope._tryRebuild (package:flutter/src/widgets/framework.dart:2750:15)
#789    BuildScope._flushDirtyElements (package:flutter/src/widgets/framework.dart:2807:11)
#790    BuildOwner.buildScope (package:flutter/src/widgets/framework.dart:3111:18)
#791    AutomatedTestWidgetsFlutterBinding.drawFrame (package:flutter_test/src/binding.dart:2431:19)
#792    RendererBinding._handlePersistentFrameCallback (package:flutter/src/rendering/binding.dart:509:5)
#793    SchedulerBinding._invokeFrameCallback (package:flutter/src/scheduler/binding.dart:1430:15)
#794    SchedulerBinding.handleDrawFrame (package:flutter/src/scheduler/binding.dart:1345:9)
#795    AutomatedTestWidgetsFlutterBinding.pump.<anonymous closure> (package:flutter_test/src/binding.dart:2260:9)
#798    TestAsyncUtils.guard (package:flutter_test/src/test_async_utils.dart:74:41)
#799    AutomatedTestWidgetsFlutterBinding.pump (package:flutter_test/src/binding.dart:2249:27)
#800    WidgetTester.pumpWidget.<anonymous closure> (package:flutter_test/src/widget_tester.dart:598:22)
#803    TestAsyncUtils.guard (package:flutter_test/src/test_async_utils.dart:74:41)
#804    WidgetTester.pumpWidget (package:flutter_test/src/widget_tester.dart:595:27)
#805    main.<anonymous closure> (file:///home/anley/ANLEYLAB%20Bible/test/widget_test.dart:15:18)
<asynchronous suspension>
#806    testWidgets.<anonymous closure>.<anonymous closure> (package:flutter_test/src/widget_tester.dart:192:15)
<asynchronous suspension>
#807    TestWidgetsFlutterBinding._runTestBody (package:flutter_test/src/binding.dart:1952:5)
<asynchronous suspension>
<asynchronous suspension>
(elided 8 frames from dart:async and package:stack_trace)

══╡ EXCEPTION CAUGHT BY FLUTTER TEST FRAMEWORK ╞════════════════════════════════════════════════════
The following assertion was thrown running a test:
A Timer is still pending even after the widget tree was disposed.
'package:flutter_test/src/binding.dart':
Failed assertion: line 2542 pos 12: '!timersPending'

When the exception was thrown, this was the stack:
#2      AutomatedTestWidgetsFlutterBinding._verifyInvariants (package:flutter_test/src/binding.dart:2542:12)
#3      TestWidgetsFlutterBinding._runTestBody (package:flutter_test/src/binding.dart:1973:7)
<asynchronous suspension>
<asynchronous suspension>
(elided 3 frames from class _AssertionError and package:stack_trace)

The test description was:
  Bible app smoke test
════════════════════════════════════════════════════════════════════════════════════════════════════
00:00 +0 -1: Bible app smoke test [E]
  Test failed. See exception logs above.
  The test description was: Bible app smoke test
  
00:00 +0 -1: Some tests failed.

Failing tests:
  /home/anley/ANLEYLAB Bible/test/widget_test.dart: Bible app smoke test
